
## 列出所有块设备及其挂载点 
`lsblk` 命令默认输出字段解释：
```
	- NAME：就是装置的文件名！会省略 /dev 等前导目录！
	
	- MAJ:MIN：其实核心认识的装置都是透过这两个代码来熟悉的！分别是主要：次要装置代码！
	
	- RM：是否为可卸除装置 (removable device)，如光盘、USB 磁盘等等
	
	- SIZE：当然就是容量啰！
	
	- RO：是否为只读装置的意思
	
	- TYPE：是磁盘 (disk)、分区槽 (partition) 还是只读存储器 (rom) 等输出
	
	- MOUTPOINT：就是前一章谈到的挂载点！
```

## 块设备的 UUID 和文件系统类型
执行示例：
```
# blkid -o list
device                                 fs_type        label           mount point                                UUID
-----------------------------------------------------------------------------------------------------------------------------------------------------
/dev/sda1                              vfat                           /boot/efi                                  F344-ABE1
/dev/sda2                              ext4                           /                                          ce7d257a-85be-474c-be23-3420d2e7abf4
/dev/sdc1                              vfat                           (not mounted)                              8C7D-7C32
/dev/sdb1                              vfat                           (not mounted)                              FA17-1D61
```

## 列出磁盘的分区表类型与分区信息 
`parted` 命令也可以用来进行分区，支持 `MBR` 和 `GPT`。
```
# parted /dev/sdb print
Model: External USB3.0 (scsi)
Disk /dev/sdb: 1000GB
Sector size (logical/physical): 512B/4096B
Partition Table: gpt
Disk Flags: 

Number  Start   End     Size    File system  Name                          Flags
 1      17.4kB  16.8MB  16.8MB               Microsoft reserved partition  msftres
```

分区命令
MBR 分区表使用 fdisk，GPT 分区表使用 gdisk

gdisk /dev/sdb
? 查看帮助信息
n 新增分区
w 保存修改
p 打印分区表
d 删除分区

分区完成之后查看装置信息
```
# blkid
/dev/sda1: UUID="24b6f0e0-de6b-41f4-b2d5-1617ff9e70f3" BLOCK_SIZE="4096" TYPE="ext4" PARTUUID="cfc6c386-01"
/dev/sda5: UUID="95b3dfa2-e338-45b0-b7fa-74473ccea59f" TYPE="swap" PARTUUID="cfc6c386-05"
/dev/sdb1: PARTLABEL="Linux filesystem" PARTUUID="1d55968e-7323-44cf-bff2-ed10b195885e"
/dev/sdb2: PARTLABEL="Linux filesystem" PARTUUID="f4f65b92-f38a-4d59-9fdd-7d72b4a18512"
/dev/sdb3: PARTLABEL="Linux filesystem" PARTUUID="88fe2623-ff77-42f6-bac4-41259d84a921"

```

格式化磁盘，文件系统格式为 ext4。
```
mkfs.ext4 /dev/sdb1
mkfs.ext4 /dev/sdb2
mkfs.ext4 /dev/sdb3
```

格式化完成之后查看装置信息
```
# blkid
/dev/sda1: UUID="24b6f0e0-de6b-41f4-b2d5-1617ff9e70f3" BLOCK_SIZE="4096" TYPE="ext4" PARTUUID="cfc6c386-01"
/dev/sda5: UUID="95b3dfa2-e338-45b0-b7fa-74473ccea59f" TYPE="swap" PARTUUID="cfc6c386-05"
/dev/sdb1: UUID="f4f72136-4edf-4abd-9fdd-83d49727f827" BLOCK_SIZE="4096" TYPE="ext4" PARTLABEL="Linux filesystem" PARTUUID="1d55968e-7323-44cf-bff2-ed10b195885e"
/dev/sdb2: UUID="59b1931a-c746-4763-9002-26fab5fb4b6d" BLOCK_SIZE="4096" TYPE="ext4" PARTLABEL="Linux filesystem" PARTUUID="f4f65b92-f38a-4d59-9fdd-7d72b4a18512"
/dev/sdb3: UUID="17e17008-decb-4e28-a8f6-93d290928b77" BLOCK_SIZE="4096" TYPE="ext4" PARTLABEL="Linux filesystem" PARTUUID="88fe2623-ff77-42f6-bac4-41259d84a921"
```

挂载与卸除
比如挂载 /dev/sdb1 到 /srv/nfs/data40
```
# mount UUID="f4f72136-4edf-4abd-9fdd-83d49727f827" /srv/nfs/data40/
# df /srv/nfs/data40
Filesystem     1K-blocks  Used Available Use% Mounted on
/dev/sdb1       40973536    24  38859976   1% /srv/nfs/data40
```

卸除
```
# umount /dev/sdb1
# df /srv/nfs/data40
Filesystem     1K-blocks    Used Available Use% Mounted on
/dev/sda1       19480400 2756488  15709028  15% /
```

设置开机挂载
开始挂载在 /etc/fstab 文件里面设置，先查看一下文件内容
```
# cat /etc/fstab 
# /etc/fstab: static file system information.
#
# Use 'blkid' to print the universally unique identifier for a
# device; this may be used with UUID= as a more robust way to name devices
# that works even if disks are added and removed. See fstab(5).
#
# systemd generates mount units based on this file, see systemd.mount(5).
# Please run 'systemctl daemon-reload' after making changes here.
#
# <file system> <mount point>   <type>  <options>       <dump>  <pass>
# / was on /dev/sda1 during installation
UUID=24b6f0e0-de6b-41f4-b2d5-1617ff9e70f3 /               ext4    errors=remount-ro 0       1
# swap was on /dev/sda5 during installation
UUID=95b3dfa2-e338-45b0-b7fa-74473ccea59f none            swap    sw              0       0
/dev/sr0        /media/cdrom0   udf,iso9660 user,noauto     0       0
```

第一栏：磁盘装置文件名/UUID/LABEL name：
这个字段可以填写的数据主要有三个项目：
文件系统或磁盘的装置文件名，如 /dev/vda2 等
文件系统的 UUID 名称，如 UUID=xxx
文件系统的 LABEL 名称，例如 LABEL=xxx
因为每个文件系统都可以有上面三个项目，所以你喜欢哪个项目就填哪个项目！无所谓的！ 不过，如果为了一致性，建议设置成 UUID，使用 blkid 可以查看 UUID。

第二栏：挂载点 (mount point)：：

第三栏：磁盘分区槽的文件系统：
在手动挂载时可以让系统自动测试挂载，但在这个文件当中我们必须要手动写入文件系统才行！包括 xfs, ext4, vfat, reiserfs, nfs 等等

第四栏：文件系统参数
直接设置 defaults 就行了。

第五栏：能否被 dump 备份指令作用：
dump 是一个用来做为备份的指令，不过现在有太多的备份方案了，所以这个项目可以不要理会！直接输入 0 就好了！

第六栏：是否以 fsck 检验扇区：
早期开机的流程中，会有一段时间去检验本机的文件系统，看看文件系统是否完整 (clean)。 不过这个方式使用的主要是透过 fsck 去做的，我们现在用的 xfs 文件系统就没有办法适用，因为 xfs 会自己进行检验，不需要额外进行这个动作！所以直接填 0 就好了。

比如设置开机挂载 /dev/sdb1 到 /srv/nfs/data40
```
UUID="f4f72136-4edf-4abd-9fdd-83d49727f827" /srv/nfs/data40 ext4 defaults 0 0
```


LVM 分区扩容
```
# gdisk /dev/vda
GPT fdisk (gdisk) version 1.0.4

Partition table scan:
  MBR: protective
  BSD: not present
  APM: not present
  GPT: present

Found valid GPT with protective MBR; using GPT.

Command (? for help): p
Disk /dev/vda: 419430400 sectors, 200.0 GiB    // 总的可用分区数
Sector size (logical/physical): 512/512 bytes
Disk identifier (GUID): C3F2A216-26AD-4A7D-AA24-8629C8EAC4ED
Partition table holds up to 128 entries
Main partition table begins at sector 2 and ends at sector 33
First usable sector is 34, last usable sector is 104857566    // 最后的可用分区数，并不等于总的可用分区数，需要调整。
Partitions will be aligned on 2048-sector boundaries
Total free space is 4029 sectors (2.0 MiB)

Number  Start (sector)    End (sector)  Size       Code  Name
   1            2048          411647   200.0 MiB   EF00  EFI System Partition
   2          411648         2508799   1024.0 MiB  8300  
   3         2508800       104855551   48.8 GiB    8E00  

Command (? for help): ^C
```

修正分区
```
# parted /dev/vda print
警告: 并非所有可用于 /dev/vda 的空间都被用到了，您可以修正 GPT 以使用所有的空间 (额外的 314572800 个区块)，还是说要继续使用目前的设置？
修正/Fix/忽略/Ignore? Fix                                                 
型号：Virtio 块设备 (virtblk)
磁盘 /dev/vda：215GB
扇区大小 (逻辑/物理)：512B/512B
分区表：gpt
磁盘标志：

编号  起始点  结束点  大小    文件系统  名称                  标志
 1    1049kB  211MB   210MB   fat16     EFI System Partition  启动, EFI 启动
 2    211MB   1285MB  1074MB  xfs
 3    1285MB  53.7GB  52.4GB                                  lvm
```

然后再使用 gdisk 新建分区。

partprobe /dev/vda 使内核重新读取分区信息。

新建 PV
pvcreate /dev/vda4

添加 PV 到 VG
vgextend klas_host-172-23-20-241 /dev/vda4

然后查看 VG 的剩余容量
vgdisplay klas_host-172-23-20-241

扩展 LV，将 VG 剩余的容量全部扩展给 LV
lvextend -l +100%FREE /dev/klas_host-172-23-20-241/root

文件系统放大，XFS 格式的。如果是 ext4 格式需要使用另一个命令
xfs_growfs /dev/klas_host-172-23-20-241/root

