## 分区知识

### 列出系统上所有的磁盘列表
lsblk
```text
root@suomea05:~# lsblk
NAME   MAJ:MIN RM  SIZE RO TYPE MOUNTPOINT
fd0      2:0    1    4K  0 disk 
sda      8:0    0   20G  0 disk 
├─sda1   8:1    0   19G  0 part /
├─sda2   8:2    0    1K  0 part 
└─sda5   8:5    0  975M  0 part [SWAP]
sr0     11:0    1 1024M  0 rom 
```
- NAME：就是装置的文件名啰！会省略 /dev 等前导目录！
- MAJ:MIN：其实核心认识的装置都是透过这两个代码来熟悉的！分别是主要：次要装置代码！
- RM：是否为可卸除装置 (removable device)，如光盘、USB 磁盘等等
- SIZE：当然就是容量啰！
- RO：是否为只读装置的意思
- TYPE：是磁盘 (disk)、分区槽 (partition) 还是只读存储器 (rom) 等输出
- MOUTPOINT：就是前一章谈到的挂载点！

### 列出装置的 UUID 等参数
blkid

### 列出磁盘的分区表类型与分区信息
parted device_name print
```test
root@suomea07:~# parted /dev/sdb print
Model: External USB3.0 (scsi)
Disk /dev/sdb: 1000GB
Sector size (logical/physical): 512B/4096B
Partition Table: gpt
Disk Flags:

Number  Start   End     Size    File system  Name                          Flags
1      17.4kB  16.8MB  16.8MB               Microsoft reserved partition  msftres
```

## 分区
### MBR 分区表使用 fdisk，GPT 分区表使用 gdisk

```text
gdisk /dev/sdb
? 查看帮助信息
n 新增分区
w 保存修改
p 打印分区表
d 删除分区
```

### 分区完成之后查看装置信息
```text
root@suomea07:~# blkid
/dev/sda1: UUID="24b6f0e0-de6b-41f4-b2d5-1617ff9e70f3" BLOCK_SIZE="4096" TYPE="ext4" PARTUUID="cfc6c386-01"
/dev/sda5: UUID="95b3dfa2-e338-45b0-b7fa-74473ccea59f" TYPE="swap" PARTUUID="cfc6c386-05"
/dev/sdb1: PARTLABEL="Linux filesystem" PARTUUID="1d55968e-7323-44cf-bff2-ed10b195885e"
/dev/sdb2: PARTLABEL="Linux filesystem" PARTUUID="f4f65b92-f38a-4d59-9fdd-7d72b4a18512"
/dev/sdb3: PARTLABEL="Linux filesystem" PARTUUID="88fe2623-ff77-42f6-bac4-41259d84a921"
```

### 格式化磁盘
```text
mkfs.ext4 /dev/sdb1
mkfs.ext4 /dev/sdb2
mkfs.ext4 /dev/sdb3
```


格式化完成之后查看装置信息
```text
root@suomea07:~# blkid
/dev/sda1: UUID="24b6f0e0-de6b-41f4-b2d5-1617ff9e70f3" BLOCK_SIZE="4096" TYPE="ext4" PARTUUID="cfc6c386-01"
/dev/sda5: UUID="95b3dfa2-e338-45b0-b7fa-74473ccea59f" TYPE="swap" PARTUUID="cfc6c386-05"
/dev/sdb1: UUID="f4f72136-4edf-4abd-9fdd-83d49727f827" BLOCK_SIZE="4096" TYPE="ext4" PARTLABEL="Linux filesystem" PARTUUID="1d55968e-7323-44cf-bff2-ed10b195885e"
/dev/sdb2: UUID="59b1931a-c746-4763-9002-26fab5fb4b6d" BLOCK_SIZE="4096" TYPE="ext4" PARTLABEL="Linux filesystem" PARTUUID="f4f65b92-f38a-4d59-9fdd-7d72b4a18512"
/dev/sdb3: UUID="17e17008-decb-4e28-a8f6-93d290928b77" BLOCK_SIZE="4096" TYPE="ext4" PARTLABEL="Linux filesystem" PARTUUID="88fe2623-ff77-42f6-bac4-41259d84a921"
```

### 挂载与卸除
比如挂载 /dev/sdb1 到 /srv/nfs/data40
```text
root@suomea07:/srv/nfs# mount UUID="f4f72136-4edf-4abd-9fdd-83d49727f827" /srv/nfs/data40/
root@suomea07:/srv/nfs# df /srv/nfs/data40
Filesystem     1K-blocks  Used Available Use% Mounted on
/dev/sdb1       40973536    24  38859976   1% /srv/nfs/data40
```

卸除
```text
root@suomea07:/srv/nfs# umount /dev/sdb1
root@suomea07:/srv/nfs# df /srv/nfs/data40
Filesystem     1K-blocks    Used Available Use% Mounted on
/dev/sda1       19480400 2756488  15709028  15% /
```


## 设置开机挂载
开始挂载在 /etc/fstab 文件里面设置，先查看一下文件内容
```text
root@suomea07:/srv/nfs# cat /etc/fstab
# /etc/fstab: static file system information.
#
# Use 'blkid' to print the universally unique identifier for a
# device; this may be used with UUID= as a more robust way to name devices
# that works even if disks are added and removed. See fstab(5).
#
# systemd generates mount units based on this file, see systemd.mount(5).
# Please run 'systemctl daemon-reload' after making changes here.
#
# <file system> <mount point>   <type>  <options>       <dump>  <pass>
# / was on /dev/sda1 during installation
UUID=24b6f0e0-de6b-41f4-b2d5-1617ff9e70f3 /               ext4    errors=remount-ro 0       1
# swap was on /dev/sda5 during installation
UUID=95b3dfa2-e338-45b0-b7fa-74473ccea59f none            swap    sw              0       0
/dev/sr0        /media/cdrom0   udf,iso9660 user,noauto     0       0
```

### file system 磁盘装置文件名/UUID/LABEL NAME
这个字段可以填写的数据主要有三个项目：
文件系统或磁盘的装置文件名，如 /dev/vda2 等
文件系统的 UUID 名称，如 UUID=xxx
文件系统的 LABEL 名称，例如 LABEL=xxx
因为每个文件系统都可以有上面三个项目，所以你喜欢哪个项目就填哪个项目！无所谓的！ 不过，如果为了一致性，建议设置成 UUID，使用 blkid 可以查看 UUID。

### mount point 挂载点 

### type 磁盘分区槽的文件系统
在手动挂载时可以让系统自动测试挂载，但在这个文件当中我们必须要手动写入文件系统才行！包括 xfs, ext4, vfat, reiserfs, nfs 等等

### options 文件系统参数
直接设置 defaults 就行了。

### dump 能否被 dump 备份指令作用：
dump 是一个用来做为备份的指令，不过现在有太多的备份方案了，所以这个项目可以不要理会！直接输入 0 就好了！

### pass 是否以 fsck 检验扇区：
早期开机的流程中，会有一段时间去检验本机的文件系统，看看文件系统是否完整 (clean)。 不过这个方式使用的主要是透过 fsck 去做的，我们现在用的 xfs 文件系统就没有办法适用，因为 xfs 会自己进行检验，不需要额外进行这个动作！所以直接填 0 就好了。

### 示例
比如设置开机挂载 /dev/sdb1 到 /srv/nfs/data40
```text
UUID="f4f72136-4edf-4abd-9fdd-83d49727f827" /srv/nfs/data40 ext4 defaults 0 0
```
